xt8.yang:2: error: UNEXPECTED_KEYWORD_1
xt8.yang:3: error: UNEXPECTED_KEYWORD
xt8.yang:8: error: UNEXPECTED_KEYWORD
xt8.yang:14: error: UNEXPECTED_KEYWORD_1
xt8.yang:15: error: UNEXPECTED_KEYWORD
