smi1.yang:16: error: BAD_VALUE
smi1.yang:21: error: UNEXPECTED_KEYWORD
