xt2.yang:2: [1] BAD_VALUE
xt1s1.yang:7: [1] PREFIX_NOT_DEFINED
xt1.yang:23: [1] BAD_TYPE_NAME
xt1.yang:212: [2] RANGE_BOUNDS
xt1.yang:218: [2] RANGE_BOUNDS
xt1.yang:177: [1] DUPLICATE_CHILD_NAME
xt1.yang:188: [1] DUPLICATE_CHILD_NAME
xt1.yang:202: [1] NEED_KEY_USES
