xt1s1.yang:7: error: PREFIX_NOT_DEFINED
xt3.yang:4: error: UNEXPECTED_KEYWORD_1
