yt1.yang:22: [2] TYPE_VALUE
yt1.yang:38: [2] TYPE_VALUE
