yt3a.yang:117: [1] KEYREF_NOT_LEAF_KEY
yt3a.yang:124: [1] KEYREF_NOT_LEAF_KEY
yt3a.yang:184: [1] KEYREF_NOT_LEAF_KEY
