yt5a.yang:20: error: MODULE_NOT_FOUND
yt5a.yang:59: error: DUPLICATE_UNIQUE
